// Jest Snapshot v1, https://goo.gl/fbAQLP

exports[`Popup renders correctly 1`] = `
<ForwardRef(ForwardedRefComp)
  afterClose={[MockFunction]}
  direction="bottom"
  onMaskClick={[MockFunction]}
>
  <WarnIfDeprecatedComp
    afterClose={[MockFunction]}
    direction="bottom"
    forwardedRef={null}
    onMaskClick={[MockFunction]}
  >
    <Popup
      afterClose={[MockFunction]}
      destroy={true}
      direction="bottom"
      onMaskClick={[MockFunction]}
      prefixCls="mcore-popup"
    />
  </WarnIfDeprecatedComp>
</ForwardRef(ForwardedRefComp)>
`;

exports[`Popup renders mount node correctly 1`] = `
<ForwardRef(ForwardedRefComp)
  afterClose={[MockFunction]}
  direction="bottom"
  mountContainer={[Function]}
  onMaskClick={[MockFunction]}
  visible={true}
>
  <WarnIfDeprecatedComp
    afterClose={[MockFunction]}
    direction="bottom"
    forwardedRef={null}
    mountContainer={[Function]}
    onMaskClick={[MockFunction]}
    visible={true}
  >
    <Popup
      afterClose={[MockFunction]}
      destroy={true}
      direction="bottom"
      mountContainer={[Function]}
      onMaskClick={[MockFunction]}
      prefixCls="mcore-popup"
      visible={true}
    >
      <Portal
        afterClose={[MockFunction]}
        animationDuration={200}
        animationType="fade"
        destroy={true}
        direction="bottom"
        handlePortalUnmount={[Function]}
        mask={true}
        maskType="normal"
        mountContainer={[Function]}
        onMaskClick={[MockFunction]}
        prefixCls="mcore-popup"
        visible={true}
      >
        <Portal
          containerInfo={
            <div
              class="mcore-popup-container"
            >
              <div
                class="mcore-mask mcore-fade-enter mcore-mask--normal"
                style="animation-duration: 200ms;"
              />
              <div
                class="mcore-popup__wrapper"
                role="dialog"
              >
                <div
                  class="mcore-popup mcore-popup--bottom mcore-popup--show"
                  role="document"
                  style="transition-duration: 200ms; transition-property: transform;"
                >
                  foo
                </div>
              </div>
            </div>
          }
        >
          <Mask
            className="mcore-fade-enter"
            prefixCls="mcore-mask"
            style={
              Object {
                "WebkitAnimationDuration": "200ms",
                "animationDuration": "200ms",
              }
            }
            type="normal"
            visible={true}
          >
            <div
              className="mcore-mask mcore-fade-enter mcore-mask--normal"
              style={
                Object {
                  "WebkitAnimationDuration": "200ms",
                  "animationDuration": "200ms",
                }
              }
            />
          </Mask>
          <div
            className="mcore-popup__wrapper"
            onClick={[Function]}
            role="dialog"
            style={Object {}}
          >
            <div
              className="mcore-popup mcore-popup--bottom"
              role="document"
              style={
                Object {
                  "WebkitTransitionDuration": "200ms",
                  "WebkitTransitionProperty": "transform",
                  "transitionDuration": "200ms",
                  "transitionProperty": "transform",
                }
              }
            >
              foo
            </div>
          </div>
        </Portal>
      </Portal>
    </Popup>
  </WarnIfDeprecatedComp>
</ForwardRef(ForwardedRefComp)>
`;
