// Jest Snapshot v1, https://goo.gl/fbAQLP

exports[`Tooltip renders correctly 1`] = `
<Tooltip
  direction="top"
  hasArrow={true}
  onVisibleChange={[Function]}
  prefixCls="mcore-tooltip"
  title="hello"
>
  <Popper
    animationDuration={300}
    animationType="zoomFade"
    arrowPointAtCenter={false}
    content=""
    destroy={true}
    direction="top"
    hasArrow={true}
    mouseEnterDelay={150}
    mouseLeaveDelay={100}
    onVisibleChange={[Function]}
    prefixCls="mcore-tooltip"
    title="hello"
    trigger="hover"
    visible={false}
  >
    <span
      onMouseLeave={[Function]}
      onMouseOver={[Function]}
    >
      foo
    </span>
  </Popper>
</Tooltip>
`;
