// Jest Snapshot v1, https://goo.gl/fbAQLP

exports[`ActivityIndicator renders correctly 1`] = `
<div
  class="mcore-tab-bar"
>
  <div
    class="mcore-tab-bar__item mcore-tab-bar--active"
  >
    <div
      class="mcore-tab-bar__icon"
    >
      <div
        style="width:24px;height:24px;background:url(//cdn-health.vikit.com/mcore/home-active.svg) top left / 24px 24px no-repeat"
      />
    </div>
    <div
      class="mcore-tab-bar__title"
    >
      主页
    </div>
  </div>
</div>
`;

exports[`ActivityIndicator with activeKey 1`] = `
<div
  class="mcore-tab-bar"
>
  <div
    class="mcore-tab-bar__item mcore-tab-bar--active"
  >
    <div
      class="mcore-tab-bar__icon"
    >
      <div
        style="width:24px;height:24px;background:url(//cdn-health.vikit.com/mcore/home-active.svg) top left / 24px 24px no-repeat"
      />
    </div>
    <div
      class="mcore-tab-bar__title"
    >
      主页
    </div>
  </div>
</div>
`;

exports[`ActivityIndicator with defaultActiveKey 1`] = `
<div
  class="mcore-tab-bar"
>
  <div
    class="mcore-tab-bar__item mcore-tab-bar--active"
  >
    <div
      class="mcore-tab-bar__icon"
    >
      <div
        style="width:24px;height:24px;background:url(//cdn-health.vikit.com/mcore/home-active.svg) top left / 24px 24px no-repeat"
      />
    </div>
    <div
      class="mcore-tab-bar__title"
    >
      主页
    </div>
  </div>
</div>
`;
