// Jest Snapshot v1, https://goo.gl/fbAQLP

exports[`Modal renders correctly 1`] = `
<Modal
  animationDuration={200}
  animationType="fade"
  closable={true}
  destroy={true}
  mask={true}
  maskClosable={false}
  maskType="normal"
  onCancel={[MockFunction]}
  onMaskClick={[MockFunction]}
  prefixCls="mcore-modal"
  shape="radius"
  title="标题"
  visible={true}
  width="70%"
>
  <ForwardRef(ForwardedRefComp)
    animationDuration={200}
    animationType="fade"
    className="mcore-modal mcore-modal--radius"
    destroy={true}
    direction="center"
    mask={true}
    maskType="normal"
    onMaskClick={[MockFunction]}
    visible={true}
    width="70%"
  >
    <WarnIfDeprecatedComp
      animationDuration={200}
      animationType="fade"
      className="mcore-modal mcore-modal--radius"
      destroy={true}
      direction="center"
      forwardedRef={null}
      mask={true}
      maskType="normal"
      onMaskClick={[MockFunction]}
      visible={true}
      width="70%"
    >
      <Popup
        animationDuration={200}
        animationType="fade"
        className="mcore-modal mcore-modal--radius"
        destroy={true}
        direction="center"
        mask={true}
        maskType="normal"
        onMaskClick={[MockFunction]}
        prefixCls="mcore-popup"
        visible={true}
        width="70%"
      >
        <Portal
          animationDuration={200}
          animationType="fade"
          className="mcore-modal mcore-modal--radius"
          destroy={true}
          direction="center"
          handlePortalUnmount={[Function]}
          mask={true}
          maskType="normal"
          onMaskClick={[MockFunction]}
          prefixCls="mcore-popup"
          visible={true}
          width="70%"
        >
          <Portal
            containerInfo={
              <div
                class="mcore-popup-container mcore-modal mcore-modal--radius"
              >
                <div
                  class="mcore-mask mcore-fade-enter mcore-mask--normal"
                  style="animation-duration: 200ms;"
                />
                <div
                  class="mcore-popup__wrapper mcore-fade-enter"
                  role="dialog"
                  style="animation-duration: 200ms;"
                >
                  <div
                    class="mcore-popup mcore-popup--center mcore-fade-enter"
                    role="document"
                    style="width: 70%; animation-duration: 200ms;"
                  >
                    <div
                      class="mcore-modal__dialog"
                    >
                      <div
                        class="mcore-modal__header"
                      >
                        <div
                          class="mcore-modal__header__title"
                        >
                          标题
                        </div>
                        <i
                          class="mcore-icon mcore-modal__header__close mcore-icon--wrong mcore-icon--default mcore-icon--sm"
                          theme="default"
                          type="wrong"
                        >
                          <svg
                            fill="currentColor"
                            height="1em"
                            viewBox="0 0 32 32"
                            width="1em"
                          >
                            <use
                              xlink:href="#wrong"
                            />
                          </svg>
                        </i>
                      </div>
                      <div
                        class="mcore-modal__body"
                      >
                        foo
                      </div>
                    </div>
                  </div>
                </div>
              </div>
            }
          >
            <Mask
              className="mcore-fade-enter"
              prefixCls="mcore-mask"
              style={
                Object {
                  "WebkitAnimationDuration": "200ms",
                  "animationDuration": "200ms",
                }
              }
              type="normal"
              visible={true}
            >
              <div
                className="mcore-mask mcore-fade-enter mcore-mask--normal"
                style={
                  Object {
                    "WebkitAnimationDuration": "200ms",
                    "animationDuration": "200ms",
                  }
                }
              />
            </Mask>
            <div
              className="mcore-popup__wrapper mcore-fade-enter"
              onClick={[Function]}
              role="dialog"
              style={
                Object {
                  "WebkitAnimationDuration": "200ms",
                  "animationDuration": "200ms",
                }
              }
            >
              <div
                className="mcore-popup mcore-popup--center mcore-fade-enter"
                role="document"
                style={
                  Object {
                    "WebkitAnimationDuration": "200ms",
                    "animationDuration": "200ms",
                    "width": "70%",
                  }
                }
              >
                <div
                  className="mcore-modal__dialog"
                >
                  <ModalHeader
                    closable={true}
                    onCancel={[MockFunction]}
                    prefixCls="mcore-modal"
                    title="标题"
                  >
                    <div
                      className="mcore-modal__header"
                    >
                      <div
                        className="mcore-modal__header__title"
                      >
                        标题
                      </div>
                      <Icon
                        className="mcore-modal__header__close"
                        onClick={[MockFunction]}
                        prefixCls="mcore-icon"
                        size="sm"
                        theme="default"
                        type="wrong"
                        viewBox="0 0 32 32"
                      >
                        <Iconfont
                          className="mcore-icon mcore-modal__header__close mcore-icon--wrong mcore-icon--default mcore-icon--sm"
                          onClick={[MockFunction]}
                          size="sm"
                          theme="default"
                          type="wrong"
                        >
                          <Icon
                            className="mcore-icon mcore-modal__header__close mcore-icon--wrong mcore-icon--default mcore-icon--sm"
                            onClick={[MockFunction]}
                            prefixCls="mcore-icon"
                            size="sm"
                            theme="default"
                            type="wrong"
                            viewBox="0 0 32 32"
                          >
                            <i
                              className="mcore-icon mcore-modal__header__close mcore-icon--wrong mcore-icon--default mcore-icon--sm"
                              onClick={[MockFunction]}
                              size="sm"
                              theme="default"
                              type="wrong"
                            >
                              <svg
                                fill="currentColor"
                                height="1em"
                                viewBox="0 0 32 32"
                                width="1em"
                              >
                                <use
                                  xlinkHref="#wrong"
                                />
                              </svg>
                            </i>
                          </Icon>
                        </Iconfont>
                      </Icon>
                    </div>
                  </ModalHeader>
                  <ModalBody
                    prefixCls="mcore-modal"
                  >
                    <div
                      className="mcore-modal__body"
                    >
                      foo
                    </div>
                  </ModalBody>
                </div>
              </div>
            </div>
          </Portal>
        </Portal>
      </Popup>
    </WarnIfDeprecatedComp>
  </ForwardRef(ForwardedRefComp)>
</Modal>
`;
