// Jest Snapshot v1, https://goo.gl/fbAQLP

exports[`StackPicker renders correctly 1`] = `
<Memo()
  dataSource={
    Array [
      Object {
        "children": Array [
          Object {
            "children": Array [
              Object {
                "children": Array [],
                "label": "大观区",
                "value": "340803",
              },
              Object {
                "children": Array [],
                "label": "怀宁县",
                "value": "340822",
              },
              Object {
                "children": Array [],
                "label": "其它区",
                "value": "340882",
              },
            ],
            "label": "安庆市",
            "value": "340800",
          },
        ],
        "label": "安徽省",
        "value": "340000",
      },
      Object {
        "children": Array [
          Object {
            "children": Array [
              Object {
                "children": Array [],
                "label": "宝山区",
                "value": "310113",
              },
              Object {
                "children": Array [],
                "label": "长宁区",
                "value": "310105",
              },
              Object {
                "children": Array [],
                "label": "崇明县",
                "value": "310230",
              },
              Object {
                "children": Array [],
                "label": "川沙区",
                "value": "310152",
              },
            ],
            "label": "上海市",
            "value": "310100",
          },
        ],
        "label": "上海",
        "value": "310000",
      },
    ]
  }
  displayRender={[Function]}
  itemRender={[Function]}
  onChange={[MockFunction]}
  valueMember="value"
  visible={true}
>
  <ForwardRef(ForwardedRefComp)
    direction="bottom"
    onMaskClick={[Function]}
    visible={true}
  >
    <WarnIfDeprecatedComp
      direction="bottom"
      forwardedRef={null}
      onMaskClick={[Function]}
      visible={true}
    >
      <Popup
        destroy={true}
        direction="bottom"
        onMaskClick={[Function]}
        prefixCls="mcore-popup"
        visible={true}
      >
        <Portal
          animationDuration={200}
          animationType="fade"
          destroy={true}
          direction="bottom"
          handlePortalUnmount={[Function]}
          mask={true}
          maskType="normal"
          onMaskClick={[Function]}
          prefixCls="mcore-popup"
          visible={true}
        >
          <Portal
            containerInfo={
              <div
                class="mcore-popup-container"
              >
                <div
                  class="mcore-mask mcore-fade-enter mcore-mask--normal"
                  style="animation-duration: 200ms;"
                />
                <div
                  class="mcore-popup__wrapper"
                  role="dialog"
                >
                  <div
                    class="mcore-popup mcore-popup--bottom mcore-popup--show"
                    role="document"
                    style="transition-duration: 200ms; transition-property: transform;"
                  >
                    <div
                      class="mcore-stackpicker"
                    >
                      <div
                        class="mcore-stackpicker__container"
                      >
                        <div
                          class="mcore-stackpicker__wrapper"
                        >
                          <div
                            class="mcore-stackpicker__header"
                          >
                            <div
                              class="mcore-stackpicker__cancel"
                            >
                              取消
                            </div>
                            <div
                              class="mcore-stackpicker__title"
                            >
                              请选择
                            </div>
                            <div
                              class="mcore-stackpicker__submit"
                            >
                              确定
                            </div>
                          </div>
                          <div
                            class="mcore-stackpicker__crumbs"
                          >
                            <p>
                              选择：
                            </p>
                            
                          </div>
                          <div
                            class="mcore-stackpicker__group"
                          >
                            <div
                              class="mcore-stackpicker__stack-column mcore-stack-picker-stack-column mcore-stackpicker__stack-column--hidden"
                            >
                              <div
                                class="mcore-stackpicker__stack-column-wrapper"
                              >
                                <div
                                  class="mcore-stackpicker__stack-column-item"
                                >
                                  安徽省
                                </div>
                                <div
                                  class="mcore-stackpicker__stack-column-item"
                                >
                                  上海
                                </div>
                              </div>
                            </div>
                            <div
                              class="mcore-stackpicker__stack-column mcore-stack-picker-stack-column mcore-stackpicker__stack-column--hidden"
                            >
                              <div
                                class="mcore-stackpicker__stack-column-wrapper"
                              >
                                <div
                                  class="mcore-stackpicker__stack-column-item"
                                >
                                  安庆市
                                </div>
                              </div>
                            </div>
                            <div
                              class="mcore-stackpicker__stack-column mcore-stack-picker-stack-column mcore-stackpicker__stack-column--hidden"
                            >
                              <div
                                class="mcore-stackpicker__stack-column-wrapper"
                              >
                                <div
                                  class="mcore-stackpicker__stack-column-item"
                                >
                                  大观区
                                </div>
                                <div
                                  class="mcore-stackpicker__stack-column-item"
                                >
                                  怀宁县
                                </div>
                                <div
                                  class="mcore-stackpicker__stack-column-item"
                                >
                                  其它区
                                </div>
                              </div>
                            </div>
                          </div>
                        </div>
                      </div>
                    </div>
                  </div>
                </div>
              </div>
            }
          >
            <Mask
              className="mcore-fade-enter"
              prefixCls="mcore-mask"
              style={
                Object {
                  "WebkitAnimationDuration": "200ms",
                  "animationDuration": "200ms",
                }
              }
              type="normal"
              visible={true}
            >
              <div
                className="mcore-mask mcore-fade-enter mcore-mask--normal"
                style={
                  Object {
                    "WebkitAnimationDuration": "200ms",
                    "animationDuration": "200ms",
                  }
                }
              />
            </Mask>
            <div
              className="mcore-popup__wrapper"
              onClick={[Function]}
              role="dialog"
              style={Object {}}
            >
              <div
                className="mcore-popup mcore-popup--bottom"
                role="document"
                style={
                  Object {
                    "WebkitTransitionDuration": "200ms",
                    "WebkitTransitionProperty": "transform",
                    "transitionDuration": "200ms",
                    "transitionProperty": "transform",
                  }
                }
              >
                <div
                  className="mcore-stackpicker"
                >
                  <div
                    className="mcore-stackpicker__container"
                  >
                    <div
                      className="mcore-stackpicker__wrapper"
                    >
                      <Component
                        cancelText="取消"
                        handleCancel={[Function]}
                        handleOk={[Function]}
                        okText="确定"
                        prefixCls="mcore-stackpicker"
                        title="请选择"
                      >
                        <div
                          className="mcore-stackpicker__header"
                        >
                          <div
                            className="mcore-stackpicker__cancel"
                            onClick={[Function]}
                          >
                            取消
                          </div>
                          <div
                            className="mcore-stackpicker__title"
                          >
                            请选择
                          </div>
                          <div
                            className="mcore-stackpicker__submit"
                            onClick={[Function]}
                          >
                            确定
                          </div>
                        </div>
                      </Component>
                      <div
                        className="mcore-stackpicker__crumbs"
                      >
                        <p>
                          选择：
                        </p>
                      </div>
                      <div
                        className="mcore-stackpicker__group"
                      >
                        <div
                          className="mcore-stackpicker__stack-column mcore-stack-picker-stack-column mcore-stackpicker__stack-column--hidden"
                          key="0"
                          onClick={[Function]}
                        >
                          <div
                            className="mcore-stackpicker__stack-column-wrapper"
                            onClick={[Function]}
                          >
                            <div
                              className="mcore-stackpicker__stack-column-item"
                              key="安徽省0"
                              onClick={[Function]}
                            >
                              安徽省
                            </div>
                            <div
                              className="mcore-stackpicker__stack-column-item"
                              key="上海1"
                              onClick={[Function]}
                            >
                              上海
                            </div>
                          </div>
                        </div>
                        <div
                          className="mcore-stackpicker__stack-column mcore-stack-picker-stack-column mcore-stackpicker__stack-column--hidden"
                          key="1"
                          onClick={[Function]}
                        >
                          <div
                            className="mcore-stackpicker__stack-column-wrapper"
                            onClick={[Function]}
                          >
                            <div
                              className="mcore-stackpicker__stack-column-item"
                              key="安庆市0"
                              onClick={[Function]}
                            >
                              安庆市
                            </div>
                          </div>
                        </div>
                        <div
                          className="mcore-stackpicker__stack-column mcore-stack-picker-stack-column mcore-stackpicker__stack-column--hidden"
                          key="2"
                          onClick={[Function]}
                        >
                          <div
                            className="mcore-stackpicker__stack-column-wrapper"
                            onClick={[Function]}
                          >
                            <div
                              className="mcore-stackpicker__stack-column-item"
                              key="大观区0"
                              onClick={[Function]}
                            >
                              大观区
                            </div>
                            <div
                              className="mcore-stackpicker__stack-column-item"
                              key="怀宁县1"
                              onClick={[Function]}
                            >
                              怀宁县
                            </div>
                            <div
                              className="mcore-stackpicker__stack-column-item"
                              key="其它区2"
                              onClick={[Function]}
                            >
                              其它区
                            </div>
                          </div>
                        </div>
                      </div>
                    </div>
                  </div>
                </div>
              </div>
            </div>
          </Portal>
        </Portal>
      </Popup>
    </WarnIfDeprecatedComp>
  </ForwardRef(ForwardedRefComp)>
</Memo()>
`;
