// Jest Snapshot v1, https://goo.gl/fbAQLP

exports[`Stepper defaultValue 1`] = `
<span
  className="mcore-stepper mcore-stepper--radius"
>
  <Button
    block={false}
    className="mcore-stepper__sub"
    disabled={false}
    ghost={false}
    htmlType="button"
    loading={false}
    onClick={[Function]}
    prefixCls="mcore-button"
    shadow={false}
    shape="radius"
    size="xs"
    theme="default"
  >
    <Icon
      prefixCls="mcore-icon"
      size="md"
      theme="default"
      type="minus"
      viewBox="0 0 32 32"
    />
  </Button>
  <input
    className="mcore-stepper__input"
    disabled={false}
    onBlur={[Function]}
    onChange={[Function]}
    type="tel"
    value={2}
  />
  <Button
    block={false}
    className="mcore-stepper__plus"
    disabled={false}
    ghost={false}
    htmlType="button"
    loading={false}
    onClick={[Function]}
    prefixCls="mcore-button"
    shadow={false}
    shape="radius"
    size="xs"
    theme="default"
  >
    <Icon
      prefixCls="mcore-icon"
      size="md"
      theme="default"
      type="add"
      viewBox="0 0 32 32"
    />
  </Button>
</span>
`;

exports[`Stepper renders correctly 1`] = `
<span
  class="mcore-stepper mcore-stepper--radius"
>
  <button
    aria-disabled="false"
    class="mcore-button mcore-stepper__sub mcore-button--default mcore-button--xs mcore-button--radius"
    type="button"
  >
    <span>
      <i
        class="mcore-icon mcore-icon--minus mcore-icon--default mcore-icon--md"
        theme="default"
        type="minus"
      >
        <svg
          fill="currentColor"
          height="1em"
          viewBox="0 0 32 32"
          width="1em"
        >
          <use
            href="#minus"
          />
        </svg>
      </i>
    </span>
  </button>
  <input
    class="mcore-stepper__input"
    type="tel"
    value="0"
  />
  <button
    aria-disabled="false"
    class="mcore-button mcore-stepper__plus mcore-button--default mcore-button--xs mcore-button--radius"
    type="button"
  >
    <span>
      <i
        class="mcore-icon mcore-icon--add mcore-icon--default mcore-icon--md"
        theme="default"
        type="add"
      >
        <svg
          fill="currentColor"
          height="1em"
          viewBox="0 0 32 32"
          width="1em"
        >
          <use
            href="#add"
          />
        </svg>
      </i>
    </span>
  </button>
</span>
`;
