// Jest Snapshot v1, https://goo.gl/fbAQLP

exports[`Marquee renders correctly 1`] = `
<div>
  <div
    class="mcore-marquee"
    style="width:100%;height:150px"
  >
    <div
      class="mcore-marquee__body"
    >
      <div
        class="mcore-marquee__content"
      >
        测试我在滚动
      </div>
    </div>
  </div>
</div>
`;
